node.exe : FAIL src/modules/user/us
er.service.spec.ts (5.443 s)
At line:1 char:1
+ & "C:\Program Files\nodejs/node.e
xe" "C:\Program Files\nodejs/node_m
o ...
+ ~~~~~~~~~~~~~~~~~~~~~~~~~~~~~~~~~
~~~~~~~~~~~~~~~~~~~~~~~~~~~~~~~~~~~
~
    + CategoryInfo          : NotS 
   pecified: (FAIL src/module...e  
  c.ts (5.443 s):String) [], Rem   
 oteException
    + FullyQualifiedErrorId : Nati 
   veCommandError
 
  UserService
    тИЪ should be defined (12 ms)
    createUser
      тИЪ should create a user (4 m
s)
    findUserByEmail
      тИЪ should find a user by ema
il and authType (2 ms)
    findUserById
      тИЪ should find a user by id 
(2 ms)
    updateUserInfo
      тИЪ should update and return 
user info (2 ms)
    deleteUser
      тИЪ should delete user (2 ms)
    changePassword
      ├Ч should change password suc
cessfully (2 ms)
      тИЪ should throw NotFoundExce
ption if user not found (13 ms)
      тИЪ should throw ForbiddenExc
eption if user does not have a pass
word (2 ms)
      ├Ч should throw ForbiddenExce
ption if old password does not matc
h (2 ms)

  тЧП UserService тА║ changePasswor
d тА║ should change password succes
sfully

    TypeError: Cannot redefine prop
erty: compare
        at Object.defineProperty (<
anonymous>)

    [0m [90m 129 |[39m       moc
kDatabaseService[33m.[39muser[33
m.[39mfindUnique[33m.[39mmockRes
olvedValue(user)[33m;[39m
     [90m 130 |[39m       jest
    [31m[1m>[22m[39m[90m 131 |
[39m         [33m.[39mspyOn(bcry
pt[33m,[39m [32m"compare"[39m)
     [90m     |[39m          [31
m[1m^[22m[39m
     [90m 132 |[39m         [33m
.[39mmockImplementation(() [33m=>
[39m [33mPromise[39m[33m.[39mr
esolve([36mtrue[39m))[33m;[39m
     [90m 133 |[39m       jest
     [90m 134 |[39m         [33m
.[39mspyOn(bcrypt[33m,[39m [32m
"hash"[39m)[0m

      at ModuleMocker.spyOn (../../
node_modules/jest-mock/build/index.
js:776:16)
      at Object.<anonymous> (module
s/user/user.service.spec.ts:131:10)

  тЧП UserService тА║ changePasswor
d тА║ should throw ForbiddenExcepti
on if old password does not match

    TypeError: Cannot redefine prop
erty: compare
        at Object.defineProperty (<
anonymous>)

    [0m [90m 170 |[39m       moc
kDatabaseService[33m.[39muser[33
m.[39mfindUnique[33m.[39mmockRes
olvedValue(user)[33m;[39m
     [90m 171 |[39m       jest
    [31m[1m>[22m[39m[90m 172 |
[39m         [33m.[39mspyOn(bcry
pt[33m,[39m [32m"compare"[39m)
     [90m     |[39m          [31
m[1m^[22m[39m
     [90m 173 |[39m         [33m
.[39mmockImplementation(() [33m=>
[39m [33mPromise[39m[33m.[39mr
esolve([36mfalse[39m))[33m;[39m
     [90m 174 |[39m
     [90m 175 |[39m       [36maw
ait[39m expect(service[33m.[39mc
hangePassword(id[33m,[39m dto))[
33m.[39mrejects[33m.[39mtoThrow(
[0m

      at ModuleMocker.spyOn (../../
node_modules/jest-mock/build/index.
js:776:16)
      at Object.<anonymous> (module
s/user/user.service.spec.ts:172:10)

Test Suites: 1 failed, 1 total
Tests:       2 failed, 8 passed, 10
 total
Snapshots:   0 total
Time:        5.776 s
Ran all test suites matching /src\\
modules\\user\\user.service.spec.ts
/i.
